0emm.com
10minutemail.com
1337x.to
1e100.net
1ucrs.com
24.kg
2407.pl
265.com
2ip.ru
2mdn-cn.net
2mdn.net
466453.com
4freerussia.org
4pda.to
4pda.ws
4pna.com
5sim.net
6pm.com
7dniv.rv.ua
7tv.app
7tv.io
8chan.moe
9tv.co.il
^adservice\.google\.([a-z]{2}|com?)(\.[a-z]{2})?$
^chatgpt-async-webps-prod-\S+-\d+\.webpubsub\.azure\.com$
^r+[0-9]+(---|\.)sn-(2x3|ni5|j5o)\w{5}\.googlevideo\.com$
^r+[0-9]+(---|\.)sn-(2x3|ni5|j5o)\w{5}\.xn--ngstr-lra8j\.com$
a-vrv.akamaized.net
ab.chatgpt.com
abc.xyz
abercrombie.com
abook-club.ru
abs-0.twimg.com
abs-zero.twimg.com
abs.twimg.com
academy.terrasoft.ua
account-api.protonmail.com
account.jetbrains.com
account.protonmail.com
accounts.spotify.com
accounts.supercell.com
activatica.org
activestate.com
acurapartswarehouse.com
adafruit.com
adam-audio.com
adblockplus.org
adgoogle.net
adguard.com
adidas.com
admeld.com
adminforge.de
admob-cn.com
admob.com
adobe.com
adobe.io
adroll.com
ads-twitter.com
ads.youtube.com
adsense.com
adsensecustomsearchads.com
adsenseformobileapps.com
adservice.google.com
adultmult.tv
advertisercommunity.com
advertiserscommunity.com
adwords-community.com
adwords.com
adwordsexpress.com
afcs.dellcdn.com
affinity.studio
aftermarket.schaeffler.com
aftermarket.zf.com
agar.io
agents.media
agentura.ru
ahrefs.com
ai-chat.bsg.brave.com
ai.com
ai.google.dev
ai.zhaomi.cn
airbrake.io
aircanada.com
airtable.com
airtable.io
airtableblocks.com
airtableusercontent.com
aisandbox-pa.googleapis.com
aistudio.google.com
akc.org
alberta.ca
alienwarearena.com
alkalicore-pa.clients6.google.com
alkalimakersuite-pa.clients6.google.com
all3dp.com
allegro.pl
alltrails.com
alphacoders.com
alt1-mtalk.google.com
alt2-mtalk.google.com
alt3-mtalk.google.com
alt4-mtalk.google.com
alt5-mtalk.google.com
alt6-mtalk.google.com
alt7-mtalk.google.com
alt8-mtalk.google.com
altaro.com
alza.hu
amazfitwatchfaces.com
amazon.com
amazonaws.com
amazonses.com
amd.com
amdm.ru
amedia.site
amnezia.app
amnezia.org
amplitude.com
amx.com
analog.com
analytics.google.com
and
andrevi.ch
android.com
android.googlesource.com
androidify.com
angryemailtranslator.com
angulardart.org
anidub.com
anilib.me
anilibria.org
anilibria.tv
anilibria.uno
anilibria.wtf
animaunt.org
anime-portal.su
animebest.org
animedia.tv
animego.org
animespirit.ru
animestars.org
anistar.org
anistars.ru
annas-archive.org
annimon.com
ansible.com
ansys.com
anthropic.com
antizapret.prostovpn.org
any.do
anythingllm.com
aol.com
api.ai
api.app.prod.grazie.aws.intellij.net
api.github.com
api.githubcopilot.com
api.home-connect.com
api.jetbrains.ai
api.openai.com
api.protonmail.ch
api.radarr.video
api.segment.io
api.service-kp.com
api.theins.info
api.themoviedb.org
api.twitter.com
apiary.io
apigee.com
apkmirror.com
aplawrence.com
app-analytics-services.com
app-measurement-cn.com
app-measurement.com
app.4pda.to
app.amplitude.com
app.m3u.in
app.paraswap.io
app.zerossl.com
appbridge.ca
appbridge.io
appbridge.it
apphousekitchen.com
apple.com
apps5.oingo.com
appspot.com
appstorrent.ru
apt.releases.hashicorp.com
apture.com
aqicn.org
arbat.media
arc.intel.com
arc.net
archive.ph
archiveofourown.org
arduino.cc
area120.com
arm.com
artifacts.elastic.co
as6723.net
asp-cc.com
assets.heroku.com
atlassian.com
atlassian.net
atn.ua
att.com
attachments.f95zone.to
atv4.dnskp.cc
atwiki.jp
audio-ak-spotify-com.akamaized.net
audio4-ak-spotify-com.akamaized.net
audiobookbay.lu
augmentcode.com
auth.grazie.ai
auth.openai.com
auth0.openai.com
autodesk.com
autodesk.net
autodraw.com
av-connection.com
avail.googleflights.net
avcdn.net
avira.com
azathabar.com
azattyq.org
babook.org
bacch.com
baginya.org
baichuan-ai.com
baikal-journal.ru
bam.nr-data.net
bandpage.com
bard.google.com
baselinestudy.com
baselinestudy.org
bato.to
battle.net
bazel.build
bbc.co.uk
bbc.com
bbci.co.uk
bcbits.com
bdn.dev
beacon3d.com
beacons.gcp.gvt2.com
beacons.gvt2.com
beacons2.gvt2.com
beacons3.gvt2.com
beatthatquote.com
bell-sw.com
bellingcat.com
bestbuy.com
bestchange.ru
bigmodel.cn
bihus.info
bing.com
bitbucket.org
bitcoin.org
bitdefender.com
bitnami.com
bitru.org
blackfriday.com
blackseanews.net
blink.org
blinkshot.io
blizzardwatch.com
blogblog.com
blogger.com
blogger.googleusercontent.com
blogspot.ae
blogspot.al
blogspot.am
blogspot.ba
blogspot.be
blogspot.bg
blogspot.bj
blogspot.ca
blogspot.cf
blogspot.ch
blogspot.cl
blogspot.co.at
blogspot.co.id
blogspot.co.il
blogspot.co.ke
blogspot.co.nz
blogspot.co.uk
blogspot.co.za
blogspot.com
blogspot.com.ar
blogspot.com.au
blogspot.com.br
blogspot.com.by
blogspot.com.co
blogspot.com.cy
blogspot.com.ee
blogspot.com.eg
blogspot.com.es
blogspot.com.mt
blogspot.com.ng
blogspot.com.tr
blogspot.com.uy
blogspot.cv
blogspot.cz
blogspot.de
blogspot.dk
blogspot.fi
blogspot.fr
blogspot.gr
blogspot.hk
blogspot.hr
blogspot.hu
blogspot.ie
blogspot.in
blogspot.is
blogspot.it
blogspot.jp
blogspot.kr
blogspot.li
blogspot.lt
blogspot.lu
blogspot.md
blogspot.mk
blogspot.mx
blogspot.my
blogspot.nl
blogspot.no
blogspot.pe
blogspot.pt
blogspot.qa
blogspot.re
blogspot.ro
blogspot.rs
blogspot.ru
blogspot.se
blogspot.sg
blogspot.si
blogspot.sk
blogspot.sn
blogspot.td
blogspot.tw
blogspot.ug
blogspot.vn
bluehost.com
bluesky-soft.com
blur.io
booktracker.org
boominfo.org
boosteroid.com
booth.pm
booth.pximg.net
bosch-home.com
bosch.com
bosch.de
boschaftermarket.com
boschautoparts.com
botnadzor.org
botvip.cn
bradyid.com
brain.fm
brave.com
brawlstarsgame.com
bricklink.com
brightdata.com
broadcom.com
brocaproject.com
broccolionline.jp
broncosportforum.com
brotli.org
browser-intake-datadoghq.com
browser.sentry-cdn.com
bt.t-ru.org
bt2.t-ru.org
bt3.t-ru.org
bt4.t-ru.org
bt4gprx.com
btdig.com
btod.com
buanzo.org
buf.build
bufferbloat.net
builds.parsec.app
bumpshare.com
bumptop.ca
bumptop.com
bumptop.net
bumptop.org
bumptunes.com
buymeacoffee.com
buysellvouchers.com
byspotify.com
byteoversea.com
c.admob.com
c.android.clients.google.com
c.pki.goog
cache-management-prod.google.com
cache.pack.google.com
cambiumnetworks.com
campuslondon.com
canva-apps.com
canva.com
canva.dev
canva.me
canvastatus.com
capacitorjs.com
capcut.com
carnegieendowment.org
carrefouruae.com
castlery.com
cats.com
cbilling.eu
cbilling.vip
cdn-spotify-experiments.conductrics.com
cdn-telegram.org
cdn.cxense.com
cdn.id.supercell.com
cdn.jsdelivr.net
cdn.oaistatic.com
cdn.segment.com
cdn.web-platform.io
cdn2site.com
cdnbunny.org
cdninstagram.com
cdromance.org
cdw.com
censor.net
censortracker.org
census.gov
certificate-transparency.org
certifytheweb.com
cesium.com
chameleon.io
chaos.com
charlestonroadregistry.com
chat.com
chat.openai.com
chat.openai.com.cdn.cloudflare.net
chatfuel.com
chatglm.cn
chatgpt.com
chatgpt.livekit.cloud
chaturbate.com
checkin.gstatic.com
checkout.buckaroo.nl
cherta.media
chess.com
chesscomfiles.com
chrome
chrome.com
chromebook.com
chromecast.com
chromeos.dev
chromium.org
chronicle.security
chroniclesec.com
chub.ai
chutes.ai
cici.com
circlecrewpinkcrowd.com
cisco.com
cisecurity.org
citrix.com
clamav.net
clarabridge.net
clashofclans.com
clashroyaleapp.com
clashx.org
claude.ai
claudeusercontent.com
clevelandclinic.org
clickserve.cc-dt.com
clickserve.dartsearch.net
clickserver.googleads.com
clickup-attachments.com
clickup-au.com
clickup.com
client-teamviewer-com.trafficmanager.net
clients1.google.com
clientservices.googleapis.com
clip.opus.pro
clipdrop.co
cloud.mongodb.com
cloudburstresearch.com
cloudflare-dns.com
cloudflare.com
cloudfront.net
cloudfunctions.net
cloudproxy.app
cloudrobotics.com
cloudtorrents.com
cmems-du.eu
cms-twdigitalassets.com
cn.widevine.com
cnappinstall.googleadapis.com
cnd2exp.online
cobrasearch.com
cocalc.com
cock.li
code.gist.build
codebrowser.dev
codeium.com
codelinaro.org
coderabbit.ai
coderabbit.gallery.vsassets.io
codespot.com
codox.io
cohere.com
coingate.com
coinpayments.net
coinsbee.com
coldfilm.city
coldfilm.ink
coldfilm.xyz
colta.ru
comments.app
community.cisco.com
community.sophos.com
connect.ngrok-agent.com
connectivitycheck.gstatic.com
conscrypt.com
conscrypt.org
contabo.com
content.googleadapis.com
contest.com
cookiechoices.org
cookielaw.org
coomer.su
coova.com
coova.net
coova.org
copernicus.eu
copilot-proxy.githubusercontent.com
copilot-telemetry.githubusercontent.com
copilot.microsoft.com
corel.com
corel.net
coreldraw.app
coreldraw.com
corelstore.com
corsair.com
coursera.org
cpu-monkey.com
crashlyticsreports-pa.googleapis.com
credly.com
crl.pki.goog
crls.pki.goog
crossmediapanel.com
crowdstrike.com
croxyproxy.com
crr.com
crunchbase.com
crunchyroll.com
cs4hs.com
csi.gstatic.com
csskor.ill.in.ua
cub.red
cueme-api.quark.cn
cueme.cn
currenttime.tv
cursor-cdn.com
cursor.com
cursor.sh
cursorapi.com
cursorinfo.co.il
cvedetails.com
cyberghostvpn.com
cybersecurity-help.cz
cyxymu.info
czx.to
d.docs.live.net
daemon-tools.cc
daily.co
dailylviv.com
danbooru.donmai.us
darkproject.eu
dart.dev
dartlang.org
dartpad.dev
dartsearch-cn.net
dartsearch.net
data-cdn.mbamupdates.com
data.cline.bot
database.clamav.net
databricks.com
datadoghq.com
dataliberation.org
dating.com
daz3d.com
dclk
debian.map.fastlydns.net
debug.com
debugproject.com
deckbrew.xyz
decrypt.day
deepl.com
deepmind.com
deepmind.google
deepseek.com
deepsource.com
deepsource.io
deepstatemap.live
deezer.com
delfi.lt
delfi.lv
delivery.2d.net.co
dell.com
dellcdn.com
depositphotos.com
deps.dev
deps.info
designer.microsoft.com
designify.com
devart.com
developer.nvidia.com
devexpress.com
deviantart.com
devops.com
devsitetest.how
dg-meta.video.google.com
diabrowser.com
dialogflow.com
dice.com
dickssportinggoods.com
diffblue.com
dify.ai
digash.live
digikey.com
digitalassetlinks.org
digitalcontent.sky
digitalocean.com
dis.gd
discord-activities.com
discord-attachments-uploads-prd.storage.googleapis.com
discord.co
discord.com
discord.design
discord.dev
discord.gg
discord.gift
discord.gifts
discord.media
discord.new
discord.store
discord.tools
discordactivities.com
discordapp.com
discordapp.io
discordapp.net
discordapp.org
discordmerch.com
discordpartygames.com
discordsays.com
discordstatus.com
discours.io
disctech.com
disneyplus.com
dist.torproject.org
dl.discordapp.net
dl.google.com
dl.l.google.com
dnb.com
docker.elastic.co
docker.io
docs.liquibase.com
docs.new
docs.redis.com
document360.com
document360.io
documentation.meraki.com
dorama.live
doramalive.ru
doramy.club
doubao.com
doubleclick-cn.net
doubleclick.cn
doubleclick.com
doubleclick.net
dovod.online
download.jetbrains.com
download.lenovo.com
download.mlcc.google.com
download.qatp1.net
download.qt.io
download.screamingfrog.co.uk
download.tensorflow.google.com
download.wetransfer.com
download3.omnissa.com
doxa.team
doxajournal.ru
dpidetector.org
dreamhost.com
dreamina.capcut.com
dual-a-0001.a-msedge.net
dub.sh
ducati.com
dumka.media
dw.com
dyson.com
dyson.nl
dyson.se
e-hentai.org
e1v-h.phncdn.com
e621.net
easydmarc.com
easyjet.com
echofm.online
edge.microsoft.com
edgeservices.bing.com
editorx.com
edu-cisco.org
ef.com
ef.edu
eggertspiele.de
ehorussia.com
ej.ru
ekhokavkaza.com
elastic.co
element14.com
elements.envato.com
elevenlabs.io
elgiganten.se
emmapplecodevice.googleapis.com
eneba.com
engagor.com
entrust.com
envato.com
epg.one
epicgames.com
epidemz.net.co
episodic.com
eporner.com
espreso.tv
etahub.com
etsy.com
eu-iot-prod.aws.tcljd.com
euronews.com
euroradio.fm
eutrp.eu
event.on24.com
everand.com
exchanger.bits.media
exchangeratesapi.io
exler.es
exler.ru
expandrive.com
expres.online
extremetech.com
f1.com
f95-zone.to
facebook.com
facebook.net
familysearch.org
fanatical.com
fansly.com
fast-torrent.club
fast.com
fastflux.ai
fastlane.ci
fastlane.tools
fastpic.org
fastspring.com
fb.com
fbcdn.net
fbsbx.com
feedburner.com
fex.net
fflick.com
ficbook.net
fiercepc.co.uk
filebin.net
files.oaiusercontent.com
filestackapi.com
filestackcontent.com
filmitorrent.net
filmix.ac
filmix.biz
filmix.day
filmix.fan
filmix.fm
filmix.la
financeleadsonline.com
findagrave.com
firebase-settings.crashlytics.com
firebase.com
firebase.google.com
firebase.googleapis.com
firebase.io
firebaseapp.com
firebaseappcheck.googleapis.com
firebasedynamiclinks-ipv4.googleapis.com
firebasedynamiclinks-ipv6.googleapis.com
firebasedynamiclinks.googleapis.com
firebaseinappmessaging.googleapis.com
firebaseinstallations.googleapis.com
firebaseio.com
firebaselogging-pa.googleapis.com
firebaselogging.googleapis.com
firebaseperusertopics-pa.googleapis.com
firebaseremoteconfig.googleapis.com
firefly-ps.adobe.io
fitbit.com
fitgirl-repacks.site
flashscore.com
flexpool.io
flibusta.is
flibusta.net
flipboard.com
flir.com
flir.eu
flisland.net
flourish.studio
fls.guru
fluke.com
flukenetworks.com
flutter.dev
flutterapp.com
flyertalk.com
fn-volga.ru
fonge.org
fontfiles.googleapis.com
fonts.googleapis.com
fonts.gstatic.com
foofle.com
footballapi.pulselive.com
force-user-content.com
force.com
forethought.com
fork.pet
forklog.com
formula1.com
fortanga.org
fortiguard.com
fortinet.com
forum.netgate.com
forum.ru-board.com
forum.voynaplemyon.com
fotoforensics.com
foxnews.com
foxtrot.com.ua
fragment.com
framer.com
freecodecamp.org
freedomletters.org
freeimages.com
freemedia.io
freemyip.com
freeones.com
fromblancwithlove.com
froogle.com
fuchsia.dev
fujitsu.com
futurelearn.com
fw-download.ubnt.com
fw-update.ubnt.com
fxnetworks.com
g-tun.com
g.cn
g.co
g.dev
g.page
g0.gstatic.com
g1.gstatic.com
g2.gstatic.com
g2a.com
g3.gstatic.com
g711.org
gagadget.com
gallery.zetalliance.org
gambody.com
game.brawlstarsgame.com
game.co.uk
gamedistribution.com
gamesrepack.com
gamestop.com
gaming.amazon.com
gateway.ai.cloudflare.com
gateway.dev
gateway.discord.gg
gateway.pinata.cloud
gbiz
gcr.io
geekyfuroshiki.com
geforcenow.com
gelbooru.com
geller-pa.googleapis.com
gemini.google
gemini.google.com
generativeai.google
generativelanguage.googleapis.com
geni.us
genius.com
genspark.ai
geolocation.onetrust.com
geospy.ai
germania.one
gerritcodereview.com
get.app
get.dev
get.how
get.new
get.page
get.rsvp
getbumptop.com
getoutline.com
getoutline.org
getsafeonline.org
gfn.am
ggoogle.com
ggpht.cn
ggpht.com
ghidra-sre.org
ghostrc.game.idtech.services
gifyu.com
giphy.com
gipscorp.com
git.new
github.com
githubcopilot.com
githubusercontent.com
gitlab.com
gitlab.io
gkecnapps.cn
glavred.info
glavred.net
gle
gllto.glpals.com
global.fncstatic.com
globaledu.org
glpals.com
gmail
gmail.com
gmodules.com
gnome-look.org
go-lang.com
go-lang.net
go-lang.org
go.corp.google.com
go.dev
godaddy.com
godoc.org
gofile.io
gofundme.com
gogle.com
gogole.com
golang.com
golang.net
golang.org
golosameriki.com
gonglchuangl.net
gongyichuangyi.net
gonitro.com
goo
goo.gl
goodreads.com
goog
googel.com
googil.com
googl.com
google
google-access.net
google-analytics-cn.com
google-analytics.com
google-ohttp-relay-safebrowsing.fastly-edge.com
google-syndication.com
google-test.mi
google.ad
google.ae
google.al
google.am
google.as
google.at
google.az
google.ba
google.be
google.berlin
google.bf
google.bg
google.bi
google.bj
google.bs
google.bt
google.by
google.ca
google.cat
google.cd
google.cf
google.cg
google.ch
google.ci
google.cl
google.cm
google.cn
google.co
google.co.ao
google.co.bw
google.co.ck
google.co.cr
google.co.id
google.co.il
google.co.in
google.co.jp
google.co.ke
google.co.kr
google.co.ls
google.co.ma
google.co.mz
google.co.nz
google.co.th
google.co.tz
google.co.ug
google.co.uk
google.co.uz
google.co.ve
google.co.vi
google.co.za
google.co.zm
google.co.zw
google.com
google.com.af
google.com.ag
google.com.ai
google.com.ar
google.com.au
google.com.bd
google.com.bh
google.com.bn
google.com.bo
google.com.br
google.com.bz
google.com.co
google.com.cu
google.com.cy
google.com.do
google.com.ec
google.com.eg
google.com.et
google.com.fj
google.com.gh
google.com.gi
google.com.gt
google.com.hk
google.com.jm
google.com.kh
google.com.kw
google.com.lb
google.com.ly
google.com.mm
google.com.mt
google.com.mx
google.com.my
google.com.na
google.com.ng
google.com.ni
google.com.np
google.com.om
google.com.pa
google.com.pe
google.com.pg
google.com.ph
google.com.pk
google.com.pr
google.com.py
google.com.qa
google.com.sa
google.com.sb
google.com.sg
google.com.sl
google.com.sv
google.com.tj
google.com.tr
google.com.tw
google.com.ua
google.com.uy
google.com.vc
google.com.vn
google.cv
google.cz
google.de
google.dev
google.dj
google.dk
google.dm
google.dz
google.ee
google.es
google.fi
google.fm
google.fr
google.ga
google.ge
google.gg
google.gl
google.gm
google.gr
google.gy
google.hn
google.hr
google.ht
google.hu
google.ie
google.im
google.iq
google.is
google.it
google.je
google.jo
google.kg
google.ki
google.kz
google.la
google.li
google.lk
google.lt
google.lu
google.lv
google.md
google.me
google.mg
google.mk
google.ml
google.mn
google.ms
google.mu
google.mv
google.mw
google.ne
google.net
google.nl
google.no
google.nr
google.nu
google.org
google.pl
google.pn
google.ps
google.pt
google.ro
google.rs
google.ru
google.rw
google.sc
google.se
google.sh
google.si
google.sk
google.sm
google.sn
google.so
google.sr
google.st
google.td
google.tg
google.tl
google.tm
google.tn
google.to
google.tt
google.ventures
google.vg
google.vu
google.ws
googleacquisitionmigration.com
googleadapis.com
googleads-cn.com
googleads.com
googleadservices-cn.com
googleadservices.com
googleadsserving.cn
googleanalytics.com
googleapis-cn.com
googleapis.cn
googleapis.com
googleapps-cn.com
googleapps.com
googlearth.com
googleblog.com
googlebot.com
googlecapital.com
googlecert.net
googlecnapps.cn
googlecode.com
googlecommerce.com
googlecompare.co.uk
googledanmark.com
googledomains.com
googledrive.com
googlee.com
googleearth.com
googlefiber.com
googlefiber.net
googlefinland.com
googleflights-cn.net
googlemail.com
googlemaps.com
googleoptimize-cn.com
googleoptimize.com
googlepagecreator.com
googlephotos.com
googleplay.com
googleplus.com
googlesource.com
googlestore.com
googlesverige.com
googlesyndication-cn.com
googlesyndication.com
googletagmanager-cn.com
googletagmanager.com
googletagservices-cn.com
googletagservices.com
googletraveladservices-cn.com
googletraveladservices.com
googleusercontent.com
googlevads-cn.com
googleventures.com
googlevideo.com
googlezip.net
googlr.com
goolge.com
gooogle.com
gordonua.com
gov.ua
gpsonextra.net
gpu-monkey.com
gql.twitch.tv
gr-assets.com
grafana.com
grammarly.com
grani.ru
graph.org
graty.me
graylog.org
grazie.ai
gridaware.app
grizzlysms.com
grohe.us
grok.com
groq.com
groupon.com
grouponcdn.com
gsrc.io
gstatic-cn.com
gstatic.cn
gstatic.com
gstaticadssl.l.google.com
gstaticcnapps.cn
gsuite.com
gtm.oasisfeng.com
guge
guilded.gg
gulagu.net
gv.com
gvt0.com
gvt1-cn.com
gvt1.com
gvt2-cn.com
gvt2.com
gvt3.com
gvt5.com
gvt6.com
gvt7.com
gvt9.com
habr.com
hackernoon.com
hackmd.io
hailuoai.com
halooglasi.com
hangout
haplorrhini.com
happycolorapp.com
hashicorp.com
hashkey.com
haydaygame.com
hbomax.com
hc-ping.com
hchk.io
hd-rezka.tv
hd.zetfix.online
hdkinoteatr.com
hdrezka.ac
hdrezka.ag
hdrezka.app
hdrezka.fm
hdrezka.me
hdrezka.tech
hdrezka.tv
hdrplusdata.org
hdrzk.org
hdstudio.org
heads-ak-spotify-com.akamaized.net
heads4-ak-spotify-com.akamaized.net
healthline.com
helm.releases.hashicorp.com
hentai-foundry.com
herokucdn.com
hetzner.com
hex-rays.com
hey.boo
heygen.com
hf.co
hindiweb.com
hitomi.la
hollisterco.com
holod.global.ssl.fastly.net
holod.media
home-connect.cn
home-connect.com
home.by.me
honeywell.com
hootsuite-privacy.my.onetrust.com
hootsuite.com
host.livekit.cloud
hostgator.com
hostinger.com
hotels.com
housebrand.com
howtogetmo.co.uk
hp.com
hpe.com
hpoobe.com
hqporner.com
hromadske.ua
hs.fi
ht.ly
htl.li
htmhell.dev
html5rocks.com
huggingface.co
humblebundle.com
hume.ai
hunyuan.tencent.com
hwgo.com
hybrid-analysis.com
hyperhost.ua
hyundainews.com
i.4pda.ws
i.pki.goog
i.sakh.com
iaai.com
iam.soy
iamremarkable.org
ibm.com
ibytedtos.com
icd10data.com
ichef.bbci.co.uk
id.cisco.com
idelreal.org
iditelesombase.org
idtech.services
idx.dev
iedb.org
ig.me
ign.com
igoogle.com
iherb.com
iichan.hk
ikea.com
ilook.tv
image.tmdb.org
imagecache365.com
images.discordapp.net
imasdk.googleapis.com
imgur.com
impermium.com
important-stories.com
indeed.com
indiehackers.com
infineon.com
informit.com
insanelymac.com
insearch.site
insideevs.com
instagram.com
instagram.fhrk1-1.fna.fbcdn.net
instagram.fkun2-1.fna.fbcdn.net
instagram.frix7-1.fna.fbcdn.net
instagram.fvno2-1.fna.fbcdn.net
install.launcher.omniverse.nvidia.com
intel.com
intel.de
intel.nl
intel.se
intelix.sophos.com
intellij.net
intellipaat.com
interactivebrokers.co.uk
intercom.io
interfax.com.ua
internalfb.com
intuit.com
intuitibits.com
ionos.com
ios.chat.openai.com
iperf3serverlist.net
ipinfo.io
iptv.online
ipwho.is
is.fi
island-of-pleasure.site
istories.media
itasoftware.com
itch.io
itninja.com
itsmycity.ru
j2objc.org
jabra.com
jamf.com
jasper.ai
jetbrains.ai
jetbrains.com
jetbrains.space
jibemobile.com
jnn-pa.googleapis.com
joesandbox.com
joyreactor.cc
js-agent.newrelic.com
jsfiddle.net
jskor.ill.in.ua
jules.google
jules.google.com
jut-su.net
jut.su
jw-russia.org
jw.org
kaggle.com
kaggle.io
kaggle.net
kaggleusercontent.com
kaktus.media
kaleido.ai
kamatera.com
kara.su
kasparov.ru
kavkaz-uzel.eu
kavkazr.com
keepgrowing.in
keepsolid.com
kemono.party
kemono.su
keyhole.com
keysight.com
keytransparency.com
keytransparency.foo
keytransparency.org
kilo.ai
kilocode.ai
kino.pub
kinobase.org
kinogo.ec
kinogo.la
kinogo.uk
kinokopilka.pro
kinopub.me
kinovod.net
kinozal.guru
kinozal.me
kinozal.tv
kinozaltv.life
klarna.com
klaviyo.com
kmail-lists.com
knews.kg
knowyourmeme.com
kolsar.org
kor.ill.in.ua
korrespondent.net
kovcheg.live
kowalski7cc.xyz
kpapp.link
kroger.com
krymr.com
kupujemprodajem.com
kym-cdn.com
l2-uberproxy.corp.google.com
labs.google
lambdalabs.com
lamcdn.net
langdock.com
lantern.io
lanternal.com
ldoceonline.com
le-production.tv
leafletjs.com
legalshield.com
leica-geosystems.com
lenovo.com
lenso.ai
letyshops.com
lgeapi.com
lgthinq.com
lib.rus.ec
libgen.li
libgen.rs
liblib.art
licdn.com
lidarr.audio
lifehacker.com
liga.net
lightburnsoftware.com
lightning.ai
like.com
linear.app
lingq.com
linkedin.com
linktr.ee
linuxiac.com
lipstickalley.com
liquidsky.com
livetv.sx
liveuamap.com
llamameta.net
localbitcoins.com
locals.md
logger-dev.corp.google.com
logger.corp.google.com
login.amd.com
login.corp.google.com
logo.com
lolz.guru
lookerstudio.google.com
lostfilm.download
lostfilm.run
lostfilm.today
lostfilm.tv
lostfilm.tw
lostfilm.uno
lostfilm.win
lostfilmtv2.site
lowes.com
lu4.org
lucid.app
lyst.com
m.strava.com
m3u.in
macpaw.com
macvendors.com
madewithcode.com
magaz.global
mail-ads.google.com
mail-api.proton.me
mail.protonmail.com
mailchimp.com
mailerlite.com
mailfence.com
mailgun.com
mailinator.com
mailo.com
make.com
makersuite.google.com
malw.link
malwarebytes.com
malwarebytes.org
mangadex.org
mangahub.ru
mangapark.net
manus.im
manybooks.net
manyvids.com
marketingplatform.google.com
marketo.com
marketplace.atlassian.com
marscode.cn
marvelsnap.com
mashable.com
master.qt.io
material.io
matrix.org
mattermost.com
max.com
maximintegrated.com
mbamupdates.com
mbed.com
mbk-news.appspot.com
mdialog.com
mdza.io
mediazona.ca
mediazona.online
medicalnewstoday.com
medium.com
meduza.io
meest-shop.com
meet.new
mega.nz
megapeer.ru
megapeer.vip
megogo.net
melord.net
memohrc.org
meraki.com
merezha.co
meshcapade.com
meta.ai
meta.com
metacritic.com
metademolab.com
metal-archives.com
meteo.paraplan.net
metla.press
metopera.org
mezha.net
mfg-inspector.com
michaelkors.global
microcenter.com
microchip.com
microsoft.com
middlewareinventory.com
mignews.com
militarnyi.com
minimaxi.com
mint.com
mintmobile.com
miracleptr.wordpress.com
mistral.ai
mixcloud.com
mixpanel.com
mobile.events.data.microsoft.com
mobileview.page
modrinth.com
moneypuck.com
mongodb.com
mongodb.net
monitoring.qpdp1.net
monolisa.dev
monoprice.com
monotype.com
monotypefonts.com
monster.ie
moodstocks.com
moonshot.cn
more.fm
moscowtimes.ru
mouser.com
mouser.fi
mrakopedia.net
mssg.me
mtalk-dev.google.com
mtalk-staging.google.com
mtalk.google.com
mtalk4.google.com
mullvad.net
multporn.net
muscdn.com
musical.ly
musicbrainz.org
musixmatch.com
mw2.wiki
my.atlassian.com
myanimelist.net
mydoramy.club
myfonts.com
myheritage.com
myjetbrains.com
myparallels.com
myprepaidcenter.com
myqrcode.com
myrotvorets.center
myworld-portal.leica-geosystems.com
n.cn
namiso.com
naps2.com
nasvsehtoshnit.ru
navalny.com
nba.com
ndi.tv
near.by
neformat.com.ua
nekoray.org
neo4j.com
nest.com
netacad.com
netapp.com
netflix.ca
netflix.com
netflix.net
netflixinvestor.com
netflixtechblog.com
netlify.com
networksolutions.com
neuesbad.de
new.abb.com
new.day
newark.com
news.google.com
newsroom.porsche.com
newsru.co.il
newsru.com
newstudio.tv
newtimes.ru
nexus
nfl.com
nflxext.com
nflximg.com
nflximg.net
nflxsearch.net
nflxso.net
nflxvideo.net
ngrok.com
nhentai.com
nhentai.net
nhl.com
nih.gov
nike.com
nippon.com
nitropdf.com
nnmclub.to
nnmstatic.win
nomulus.foo
nordaccount.com
nordcdn.com
nordvpn.com
norton.com
notebooklm.google
notebooklm.google.com
notepad-plus-plus.org
notion-emojis.s3-us-west-2.amazonaws.com
notion-static.com
notion.com
notion.new
notion.site
notion.so
notionusercontent.com
novaline.fm
novaya.no
novayagazeta.eu
novayagazeta.ru
novyny.live
nsf.gov
ntc.party
ntp.msn.com
nude-moon.org
nvidia.com
nxp.com
nyaa.si
nyaa.tracker.wf
o.pki.goog
o33249.ingest.sentry.io
oaistatic.com
oaiusercontent.com
oasis.app
oauthz.com
obozrevatel.com
oclc.org
ocsp.pki.goog
ocstore.com
octopart-clicks.com
octopart.com
octopus.do
octostatic.com
oculus.com
ohmyswift.ru
oi.legal
okx.com
olx.ua
omnissa.com
omv-extras.org
on.here
on2.com
onefifteen.net
onefifteen.org
onetrust.com
oneworldmanystories.com
onfastspring.com
onlineradiobox.com
onlinesim.io
onlinesim.ru
onshape.com
open.spotify.com
openai.com
openai.com.cdn.cloudflare.net
openaiapi-site.azureedge.net
openaicom-api-bdcpf8c6d2e9atf6.z01.azurefd.net
openaicom.imgix.net
openaicomproductionae4b.blob.core.windows.net
openart.ai
openculture.com
openh264.org
openmedia.io
openrouter.ai
opensanctions.org
opensea.io
opensourceinsight.dev
opensourceinsights.dev
openthread.io
opentrackr.org
openweave.io
openwrt.wk.cz
opposition-news.com
optimizely.com
oracle.com
oraclecloud.com
orbit-games.com
orbitera.com
os.mbed.com
ottg.app
outflank.nl
ovd.info
ovd.legal
ovd.news
ovdinfo.org
ow.ly
owl.li
ozodi.org
packages.gitlab.com
paddle.com
paddlestatus.com
padi.com
page.link
pagead-googlehosted.l.google.com
pages.dev
pagespeedmobilizer.com
pageview.mobi
pandasecurity.com
panoramio.com
pap.pl
paperpaper.io
paperpaper.ru
parallels.cn
parallels.com
parallels.net
parallelsaccess.com
paraswap.io
paritydeals.com
parsec.app
parts-express.com
partylikeits1986.org
path3.xtracloud.net
patreon.com
patreonusercontent.com
patriot.dp.ua
paxlicense.org
pay.buckaroo.nl
paypal.com
pb.wtf
pbs.twimg.com
pcbway.com
pcbway.ru
pcgamesn.com
pcmag.com
penguin.com
penguinrandomhouse.com
pepephone.com
pepperl-fuchs.com
perforce.com
performanceparameters.googleapis.com
periscope.tv
perplexity.ai
perplexity.com
peter-tanner.com
pexels.com
philscomputerlab.com
phishtank.com
phncdn.com
phncdn.com.sds.rncdn7.com
phoenixcontact.com
photonengine.com
photopea.com
php.su
piano.io
picasa.com
picasaweb.com
picasaweb.net
picasaweb.org
piccy.info
picnik.com
picoxr.com
pimeyes.com
pimpletv.ru
pingdom.com
piratbit.top
pittpatt.com
pixabay.com
pixate.com
pixiv.net
pkgs.tailscale.com
pki-goog.l.google.com
pki.goog
pki.google.com
plab.site
placehold.co
platform.activestate.com
platform.twitter.com
plaud.ai
play-fe.googleapis.com
play-games.googleusercontent.com
play-lh.googleusercontent.com
play.google.com
play.googleapis.com
playboy.com
plugin-alliance.com
plugins.jetbrains.com
plugshare.com
pluralsight.com
pny.com
poe.com
poecdn.net
polit.ru
politico.eu
politiken.dk
polymarket.com
polymer-project.org
polymerproject.org
pornhub.com
pornhub.org
pornolab.net
portal.bgpmon.net
portal.lviv.ua
posle.media
posthog.com
postimees.ee
postini.com
pplx-res.cloudinary.com
pplx.ai
pravda.com
pravda.com.ua
premierleague.com
preprod-publicca.googleapis.com
primark.com
primevideo.com
primevue.org
privacysandbox.com
privatekeys.pw
prnt.sc
proactivebackend-pa.googleapis.com
prod-controlbe.floonet.goog
prod-databe.floonet.goog
prod.databe.floonet.goog
production-openaicom-storage.azureedge.net
proekt.media
profitwell.com
projectara.com
projectbaseline.com
promods.net
pronouns.page
prosleduetmedia.com
prostovpn.org
proton.me
protonmail.com
protonvpn.com
provereno.media
prowlarr.com
proxy.individual.githubcopilot.com
proxyconfig.corp.google.com
pscdn.co
pscp.tv
psiphon.ca
ptc.com
pub.dev
public.parsec.app
publicca.googleapis.com
publishproxy.com
pump.fun
pvpessence.com
qagpublic.qatp1.net
qaweb.dev
qcad.org
qgadmin.qcpp1.net
qianwen.aliyun.com
qiao-cn.com
qobuz.com
qpx.googleflights.net
qt.io
qualcomm.com
qualysapi.qatp1.net
qualysguard.qpdp1.net
questvisual.com
quicknode.com
quickoffice.com
quiksee.com
quiz.directory
quora.com
quora.com.cdn.cloudflare.net
qwant.com
qwen.ai
qwenlm.ai
r.cert.corp.google.com
r4.err.ee
radarr.servarr.com
radarr.video
radiojar.com
radiosakharov.org
radiosvoboda.org
rapture-prod.corp.google.com
ratatype.com
raw-data.gitlab.io
raycast-releases.com
raycast.com
razer.com
rbc.ua
reactflow.dev
readdle.com
readybot.io
realbooru.com
realist.online
recaptcha-cn.net
recaptcha.net
recraft.ai
reddxxx.com
redgifs.com
redirector.bdn.dev
redirector.c.chat.google.com
redirector.c.mail.google.com
redirector.c.pack.google.com
redirector.c.play.google.com
redirector.c.youtubeeducation.com
redirector.gcpcdn.gvt1.com
redirector.gvt1.com
redirector.offline-maps.gvt1.com
redirector.snap.gvt1.com
redirector.xn--ngstr-lra8j.com
redis.com
redis.io
redislabs.com
redshieldvpn.com
redtube.com
refactoring.guru
refinitiv.com
registry.google
registry.terraform.io
reka.ai
releases.hashicorp.com
remna.st
remove.bg
render-state.to
rentry.co
rentry.org
repo.mongodb.org
republic.ru
research.net
resp.app
restream.io
returnyoutubedislikeapi.com
reve.art
reverb.com
revolv.com
rezka-ua.in
rezka.ag
rezka.cc
rezka.fi
rezka.land
rezka.my
rezka.tv
rezkify.com
rezonans.media
rf.dobrochan.net
rferl.org
ridepenguin.com
ridl.io
rima.media
riperam.org
riseup.net
roar-review.com
robinfrontend-pa.googleapis.com
root-nation.com
roskomsvoboda.org
rpm.grafana.com
ru.bellingcat.com
ru.depositphotos.com
ru.euronews.com
ru.iherb.com
ru.krymr.com
rublacklist.net
ruckuswireless.com
rule34.art
rule34.us
rule34.xxx
run.app
rus-media.org
rus.delfi.ee
rus.delfi.lv
rus.jauns.lv
ruscryde.net
rustorka.com
rutor.info
rutor.is
rutor.org
rutracker.cc
rutracker.net
rutracker.org
rutracker.ru
rutracker.wiki
rwkv.cn
rwkv.com
s3-1.amazonaws.com
safebrowsing-cache.google.com
safebrowsing.googleapis.com
sakhalin.info
sakharovfoundation.org
salesforce-experience.com
salesforce-hub.com
salesforce-scrt.com
salesforce-setup.com
salesforce-sites.com
salesforce.com
salesforceiq.com
salesforceliveagent.com
samsclub.com
sap.com
saveeditonline.com
saverudata.info
saverudata.net
savethedate.foo
saynow.com
sbom.sh
scanservice1.qcpp1.net
scdn.co
schaeffler.com
schemer.com
schenker-tech.de
scholar.google.ae
scholar.google.at
scholar.google.be
scholar.google.bg
scholar.google.ca
scholar.google.cat
scholar.google.ch
scholar.google.cl
scholar.google.cn
scholar.google.co.cr
scholar.google.co.id
scholar.google.co.il
scholar.google.co.in
scholar.google.co.jp
scholar.google.co.kr
scholar.google.co.nz
scholar.google.co.th
scholar.google.co.uk
scholar.google.co.ve
scholar.google.co.za
scholar.google.com
scholar.google.com.ar
scholar.google.com.au
scholar.google.com.bo
scholar.google.com.br
scholar.google.com.co
scholar.google.com.cu
scholar.google.com.do
scholar.google.com.ec
scholar.google.com.eg
scholar.google.com.gt
scholar.google.com.hk
scholar.google.com.ly
scholar.google.com.mx
scholar.google.com.my
scholar.google.com.ni
scholar.google.com.pa
scholar.google.com.pe
scholar.google.com.ph
scholar.google.com.pk
scholar.google.com.pr
scholar.google.com.py
scholar.google.com.sg
scholar.google.com.sv
scholar.google.com.tr
scholar.google.com.tw
scholar.google.com.ua
scholar.google.com.uy
scholar.google.com.vn
scholar.google.cz
scholar.google.de
scholar.google.dk
scholar.google.es
scholar.google.fi
scholar.google.fr
scholar.google.gr
scholar.google.hn
scholar.google.hr
scholar.google.hu
scholar.google.is
scholar.google.it
scholar.google.li
scholar.google.lt
scholar.google.lu
scholar.google.lv
scholar.google.nl
scholar.google.no
scholar.google.pl
scholar.google.pt
scholar.google.ro
scholar.google.ru
scholar.google.se
scholar.google.si
scholar.google.sk
scholar.googleusercontent.com
scholar.l.google.com
sci-hub.se
sci-hub.st
scontent.cdninstagram.com
screamingfrog.co.uk
screenwisetrends.com
screenwisetrendspanel.com
scrollrevealjs.org
scryde.io
scryde.net
scryde.ru
scryde.world
scryde1.net
scryde10.net
scryde11.net
scryde12.net
scryde2.net
scryde3.net
scryde4.net
scryde5.net
scryde6.net
scryde7.net
scryde8.net
scryde9.net
sdxcentral.com
search.clickup-eu.com
search.clickup-prod.com
search.clickup-sg.com
searchfloor.org
seasonvar.ru
sebeanus.online
seconddinnertech.com
secure-web.cisco.com
securitytrails.com
seedoff.zannn.top
seekvectorlogo.net
segment.com
segment.io
selezen.org
semnasem.org
semrush.com
sendsafely.com
sendy.jp
senko.digital
sentry.dev
sentry.io
sephora.com
serato.com
serialcart.com
serif.com
serpstat.com
servarr.com
servd-anthropic-website.b-cdn.net
serverkast.com
service.urchin.com
setapp.com
severreal.org
sfdcopens.com
sharewood-zerkalo.com
sharewood.co
sheerid.com
sheets.new
shikimori.me
shiksha.com
shinyhardware.co.uk
shiza-project.com
shop.gameloft.com
showip.net
showtime.com
sibreal.org
siemens-home.bsh-group.com
siemens.com
signal.org
simplex.chat
simplex.im
simplix.info
singlekey-id.com
site.com
siteground.com
skat.media
sketchup.com
skiff.com
skladchik.com
sklatchiki.ru
sky.com
skycdp.com
skyscanner.com
skyshowtime.com
slack.com
slashlib.me
slavicsac.com
slides.new
slideshare.net
slifki.biz
smartbear.co
smartbear.com
smartdeploy.com
sms-activate.io
snapgametech.com
snapgene.com
snapmagic.com
snapseed.com
sndcdn.com
snort.org
snyk.io
soapui.org
sobesednik.com
sobesednik.ru
software.cisco.com
solarwinds.com
solveforx.com
sonara.ai
sophos.com
sora.com
sotaproject.com
soundcloud.cloud
soundcloud.com
sovetromantica.com
spacelift.io
speedtest.net
spektr.press
spiceworks.com
spiegel.de
spitfireaudio.com
split.io
splunk.com
splunkcloud.com
spoti.fi
spotify-everywhere.com
spotify.com
spotify.com.edgesuite.net
spotify.design
spotify.link
spotify.map.fastly.net
spotify.map.fastlylb.net
spotifycdn.com
spotifycdn.net
spotifycharts.com
spotifycodes.com
spotifyforbrands.com
spotifyjobs.com
spreadthesign.com
sputnikipogrom.com
squadbustersgame.com
squareup.com
squietpc.com
ssl-google-analytics.l.google.com
ssl.gstatic.com
sslredirect.corp.google.com
st.com
st.kinovod.net
stackpathdns.com
stadia.dev
staging-controlbe.floonet.goog
staging-databe.floonet.goog
staging.databe.floonet.goog
stalker2.com
startmail.com
startpage.com
stash.wiki
static-ss.xvideos-cdn.com
static.cdninstagram.com
static.files.bbci.co.uk
static.hotjar.com
static.lostfilm.top
static.rutracker.cc
statology.org
status.discordapp.com
stcroixmosquito.com
stcroixmosquitoproject.com
steamidfinder.com
steamstat.info
steganos.com
stereophile.com
stockx.com
store.supercell.com
strana.news
strana.today
strava.com
streaming-uberproxy-rotation.corp.google.com
streaming-uberproxy.corp.google.com
stripe.com
studychat.app
studywatchbyverily.com
studywatchbyverily.org
stuff.co.nz
stulchik.net
stxmosquito.com
stxmosquitoproject.com
stxmosquitoproject.net
stxmosquitoproject.org
suggestqueries.google.com
summerana.com
suno.ai
suno.com
sup-ssh-relay.corp.google.com
sup-ssh-relay2.corp.google.com
sup.corp.google.com
sup.l.google.com
supercell.com
supersliv.biz
support.anydesk.com
support.cambiumnetworks.com
support.huawei.com
support.ruckuswireless.com
support.xerox.com
surfshark.com
surveymonkey.com
suspilne.media
svidomi.in.ua
svoboda.org
svoi.kr.ua
svtv.org
swagger.io
swapd.co
swissinfo.ch
sydney.bing.com
syncfusion.com
synergyse.com
synoforum.com
sysdig.com
systemtek.co.uk
t-invariant.org
t.co
t.me
tableau.com
tac.googleapis.com
tailscale.com
talosintelligence.com
target.com
tayga.info
tcr9i.chat.openai.com
tdesktop.com
te-st.org
te.com
teamviewer.cn
teamviewer.com
teamviewer.com.cdn.cloudflare.net
teamviewer.us
techbargains.com
technobezz.com
ted.com
telega.one
telegra.ph
telegraf.by
telegraf.news
telegram-cdn.org
telegram.dog
telegram.me
telegram.org
telegram.space
telegraph.co.uk
telemetr.io
telesco.pe
tellapart.com
templatemonster.com
tempmail.plus
temu.com
tenable.com
tensorflow.org
terraform.io
teslasoft.org
test.gbugs-qa.chromium.org
tfhub.dev
tg.dev
the-village.ru
theaudiodb.com
thebarentsobserver.com
thebell.io
thecleversense.com
thegooglestore.com
theins.press
theins.ru
themoscowtimes.com
themoviedb.org
thenorthface.com
thenorthfacerenewed.com
thepiratebay.org
theporndude.com
thesassway.com
thetruestory.news
thetvdb.com
thinkpads.com
thinkquarterly.co.uk
thinkquarterly.com
thinkwithgoogle.com
thomas-krenn.com
threads.com
threads.net
threadsdashboard.com
threema.ch
ti.com
tiangong.cn
tidal.com
tik-tokapi.com
tiktok.com
tiktokcdn-eu.com
tiktokcdn-us.com
tiktokcdn.com
tiktokd.net
tiktokd.org
tiktokv.com
tiktokv.eu
tiktokv.us
tiktokw.us
tiltbrush.com
timberland.com
timberland.de
tiptop-vpn.com
tjournal.ru
tmdb-image-prod.b-cdn.net
tmdb.com
tmdb.org
todoist.com
tokenized.play.google.com
tommy.com
tongyi.aliyun.com
tongyi.com
toolbox.app
tools.cisco.com
tools.google.com
tools.l.google.com
torproject.org
torrent.by
torrenteditor.com
torrentgalaxy.to
tospotify.com
tr.anidub.com
tracker.opentrackr.org
trae.ai
trailblazer.me
trailhead.com
transferwise.com
trellix.com
tria.ge
trionworlds.com
trueblackmetalradio.com
truthsocial.com
tsheets.com
tsmc.com
ttwstatic.com
tunnelbear.com
turbobit.net
turn.livekit.cloud
tuta.com
tuta.io
tutanota.com
tvdevinfo.com
tvfreedom.io
tvn24.pl
tvrain.ru
tvrain.tv
tweetdeck.com
twilio.com
twimg.com
twin.me
twinlife-systems.com
twinme.com
twirpx.com
twitpic.com
twitter.biz
twitter.com
twitter.jp
twittercommunity.com
twitterflightschool.com
twitterinc.com
twitteroauth.com
twitterstat.us
twtrdns.net
twttr.com
twttr.net
twvid.com
tx.me
txcloud.net
txvia.com
typeform.com
typing.com
uaudio.com
uberproxy-debug4.corp.google.com
uberproxy.corp.google.com
uberproxy6.corp.google.com
ubi.com
ubnt.com
ufile.io
ui.ill.in.ua
uizard.io
ukdevilz.com
ukr.net
ukr.radio
ukrainer.net
ukrinform.net
ukrtelcdn.net
ultimaker.com
ultraedit.com
underver.se
undress.cc
unfiltered.adguard-dns.com
unfiltered.news
unian.net
unian.ua
uniongang.tv
unpkg.com
unscreen.com
unsplash.com
update.crashlytics.com
update.googleapis.com
upwork.com
urchin.com
urlr.me
usa.one
usatoday.com
useplannr.com
usercontent.dev
usher.ttvnw.net
usvimosquito.com
usvimosquitoproject.com
v.vrv.co
v8.dev
v8project.org
vagrantcloud.com
vaio.com
vans.com
vans.de
vans.fr
vans.it
vans.nl
vans.se
vanyavpn.co
vectorworks.net
veeam.com
velocidrone.com
velostrata.com
verily.com
verilylifesciences.com
verilystudyhub.com
verilystudywatch.com
verilystudywatch.org
veritas.com
verstka.media
vesma.one
vesma.today
vesty.co.il
vhd.zetflix.online
viber.com
vice.com
video.twimg.com
vine.co
vipdrive.net
viperatech.com
vipergirls.to
visualcapitalist.com
vmware.com
vndb.org
voanews.com
vod-fy.crunchyrollcdn.com
voidboost.cc
volet.com
volkswagen-classic-parts.com
vot-tak.tv
vpngate.net
vpngen.org
vpnguild.org
vpnlove.me
vpnpay.io
vpnunlimited.com
vpshostingservice.co
vrv.co
vyos.io
vyos.net
w.atwiki.jp
wa.me
wakanim.tv
wall.alphacoders.com
wallet.com
walletconnect.com
wallpapercave.com
walmart.com
watchguard.com
watermarkremover.io
waymo.com
waze.com
wbgames.com
wdfiles.com
we.tl
wear.googleapis.com
weather.com
web.app
web.dev
webappfieldguide.com
webchannel-alkalimakersuite-pa.clients6.google.com
webex.com
weblance.com.ua
webmd.com
webmproject.org
webnames.ca
webpkgcache.com
webrtc.org
webscraper.io
webtoons.com
weebly.com
wellfound.com
welt.de
weltweitwachsen.de
wetransfer.com
whatbrowser.org
whats.new
whatsapp-plus.info
whatsapp-plus.me
whatsapp-plus.net
whatsapp.biz
whatsapp.cc
whatsapp.com
whatsapp.info
whatsapp.net
whatsapp.org
whatsapp.tv
whatsappbrand.com
wheather.com
wide-youtube.l.google.com
widevine.com
widgetapp.stream
wiki.fextralife.com
wikidot.com
wilsoncenter.org
windguru.cz
windows10spotlight.com
windsurf.com
wise.com
withgoogle.com
withyoutube.com
wixmp.com
wk.cz
womenwill.com
womenwill.com.br
womenwill.id
womenwill.in
womenwill.mx
wonderclub.com
wonderzine.com
wpengine.com
ws.clickup.com
wunderground.com
www-google-analytics.l.google.com
www-googletagmanager.l.google.com
www.analog.com
www.bbc.com
www.cisco.com
www.citrix.com
www.currenttime.tv
www.dell.com
www.destinationurl.com
www.digitalocean.com
www.dw.com
www.grammarly.com
www.gstatic.com
www.hetzner.com
www.hrw.org
www.intel.com
www.jabra.com
www.kavkazr.com
www.lenovo.com
www.lostfilm.tv
www.lostfilmtv5.site
www.microchip.com
www.moscowtimes.ru
www.mouser.com
www.postfix.org
www.pxcc.com
www.qualcomm.com
www.recaptcha.net
www.smashwords.com
www.stalker2.com
www.support.xerox.com
www.the-village.ru
www.themoviedb.org
www.ti.com
www.torproject.org
www.wikiart.org
www.wunderground.com
www3.corsair.com
x-minus.pro
x.ai
x.com
x.company
x.team
xakep.ru
xbox.com
xerox.com
xfantazy.com
xhamster.com
xhamsterlive.com
xhcdn.com
xiaomi.eu
xinghuo.xfyun.cn
xingyeai.com
xmg.gg
xmind.com
xn--9kr7l.com
xn--9trs65b.com
xn--flw351e
xn--flw351e.com
xn--ggle-55da.com
xn--gogl-0nd52e.com
xn--gogl-1nd42e.com
xn--ngstr-lra8j.com
xn--p8j9a0d9c9a.xn--q9jyb4c
xn--qcka1pmc
xnxx-cdn.com
xnxx-ru.com
xnxx.com
xnxx.net
xnxx.tv
xnxx3.com
xplr.co
xsts.auth.xboxlive.com
xtracloud.net
xv-ru.com
xvideos-cdn.com
xvideos.com
yande.re
yeggi.com
yithemes.com
yiyan.baidu.com
yle.fi
yourdictionary.com
youtrack.cloud
youtu.be
youtube
youtube-nocookie.com
youtube-ui.l.google.com
youtube.ae
youtube.al
youtube.am
youtube.at
youtube.az
youtube.ba
youtube.be
youtube.bg
youtube.bh
youtube.bo
youtube.by
youtube.ca
youtube.cat
youtube.ch
youtube.cl
youtube.co
youtube.co.ae
youtube.co.at
youtube.co.cr
youtube.co.hu
youtube.co.id
youtube.co.il
youtube.co.in
youtube.co.jp
youtube.co.ke
youtube.co.kr
youtube.co.ma
youtube.co.nz
youtube.co.th
youtube.co.tz
youtube.co.ug
youtube.co.uk
youtube.co.ve
youtube.co.za
youtube.co.zw
youtube.com
youtube.com.ar
youtube.com.au
youtube.com.az
youtube.com.bd
youtube.com.bh
youtube.com.bo
youtube.com.br
youtube.com.by
youtube.com.co
youtube.com.do
youtube.com.ec
youtube.com.ee
youtube.com.eg
youtube.com.es
youtube.com.gh
youtube.com.gr
youtube.com.gt
youtube.com.hk
youtube.com.hn
youtube.com.hr
youtube.com.jm
youtube.com.jo
youtube.com.kw
youtube.com.lb
youtube.com.lv
youtube.com.ly
youtube.com.mk
youtube.com.mt
youtube.com.mx
youtube.com.my
youtube.com.ng
youtube.com.ni
youtube.com.om
youtube.com.pa
youtube.com.pe
youtube.com.ph
youtube.com.pk
youtube.com.pt
youtube.com.py
youtube.com.qa
youtube.com.ro
youtube.com.sa
youtube.com.sg
youtube.com.sv
youtube.com.tn
youtube.com.tr
youtube.com.tw
youtube.com.ua
youtube.com.uy
youtube.com.ve
youtube.cr
youtube.cz
youtube.de
youtube.dk
youtube.ee
youtube.es
youtube.fi
youtube.fr
youtube.ge
youtube.googleapis.com
youtube.gr
youtube.gt
youtube.hk
youtube.hr
youtube.hu
youtube.ie
youtube.in
youtube.iq
youtube.is
youtube.it
youtube.jo
youtube.jp
youtube.kr
youtube.kz
youtube.la
youtube.lk
youtube.lt
youtube.lu
youtube.lv
youtube.ly
youtube.ma
youtube.md
youtube.me
youtube.mk
youtube.mn
youtube.mx
youtube.my
youtube.ng
youtube.ni
youtube.nl
youtube.no
youtube.pa
youtube.pe
youtube.ph
youtube.pk
youtube.pl
youtube.pr
youtube.pt
youtube.qa
youtube.ro
youtube.rs
youtube.ru
youtube.sa
youtube.se
youtube.sg
youtube.si
youtube.sk
youtube.sn
youtube.soy
youtube.sv
youtube.tn
youtube.tv
youtube.ua
youtube.ug
youtube.uy
youtube.vn
youtubeeducation.com
youtubeembeddedplayer.googleapis.com
youtubefanfest.com
youtubegaming.com
youtubego.co.id
youtubego.co.in
youtubego.com
youtubego.com.br
youtubego.id
youtubego.in
youtubei.googleapis.com
youtubekids.com
youtubemobilesupport.com
yt-video-upload.l.google.com
yt.be
yt3.googleusercontent.com
ytimg.com
ytimg.l.google.com
yting.com
yummyani.me
zahav.ru
zapier.com
zaxid.net
zbigz.com
zedge.net
zendesk.com
zerkalo.io
zerolab.net
zerossl.com
zetalliance.org
zetflix.online
zf.com
zhipuai.cn
zimbra.com
zimbra.org
znanija.com
zohomail.com
zona.media
zoosk.com
zukunftswerkstatt.de
