#own list
vanyavpn.co
2ip.ru
ipinfo.io
ted.com
xakep.ru
tunnelbear.com
brain.fm
airtable.com
buysellvouchers.com
threadsdashboard.com
amnezia.org
ggsel.net
xmind.com
todoist.com
heygen.com

# Cloudflare инфраструктура
cloudflare.com
cloudflare.net
cloudflareinsights.com
cloudflareaccess.com
cloudflareclient.com
cloudflare-dns.com
cloudflare-ipfs.com
cf-ipfs.com
cloudflare-eth.com
cfargotunnel.com
trycloudflare.com
workers.dev
pages.dev
videodelivery.net
imagedelivery.net
cloudflarestatus.com

#hp
hp.com
hpoobe.com

#deepl
deepl.com
cdn.jsdelivr.net

# hootsuite
hootsuite.com
cloudfront.net
gstatic.com
fonts.googleapis.com
cdn.segment.com
js-agent.newrelic.com
bam.nr-data.net
hootsuite-privacy.my.onetrust.com
ow.ly
owl.li
ht.ly
htl.li

# threads
threads.com
threads.net
giphy.com

# my clickup
codox.io
split.io
clickup.com
clickup-attachments.com
datadoghq.com
intercom.io
exchangeratesapi.io
codox.io
search.clickup-prod.com
search.clickup-eu.com
search.clickup-sg.com
#DOMAIN-SUFFIX,s3.amazonaws.com,PROXY
clickup-au.com
ws.clickup.com
amazonses.com
chameleon.io
unpkg.com
daily.co

# my OpenAI
openai.com
chatgpt.com
#DOMAIN-KEYWORD,s3.amazonaws,PROXY

# my google
google.com
google.net
google.org
youtube.com
youtube-nocookie.com
ytimg.com
doubleclick.net
gvt1.com
gstatic.com
firebaseio.com
1e100.net

#### from default.conf
# Google
blogspot.com
blogspot.ru
blogspot.de
blogspot.fr
blogspot.it
blogspot.co.uk
blogspot.in
abc.xyz
admin.recaptcha.net
ampproject.org
android.com
androidify.com
appspot.com
autodraw.com
blogger.com
capitalg.com
certificate-transparency.org
chrome.com
chromeexperiments.com
chromestatus.com
chromium.org
creativelab5.com
debug.com
deepmind.com
dialogflow.com
firebaseio.com
getmdl.io
getoutline.org
ggpht.com
gmail.com
gmodules.com
godoc.org
golang.org
gv.com
gvt0.com
gvt1.com
gvt3.com
gwtproject.org
itasoftware.com
madewithcode.com
material.io
polymer-project.org
recaptcha.net
shattered.io
synergyse.com
telephony.goog
tensorflow.org
tfhub.dev
tiltbrush.com
waveprotocol.org
waymo.com
webmproject.org
webrtc.org
whatbrowser.org
widevine.com
x.company
xn--ngstr-lra8j.com
youtu.be
yt.be
ytimg.com

# ChatGPT
api.statsig.com
browser-intake-datadoghq.com
chat.openai.com.cdn.cloudflare.net
o33249.ingest.sentry.io
openai-api.arkoselabs.com
openaicom-api-bdcpf8c6d2e9atf6.z01.azurefd.net
openaicomproductionae4b.blob.core.windows.net
production-openaicom-storage.azureedge.net
#DOMAIN,static.cloudflareinsights.com,PROXY
openaicom-api-bdcpf8c6d2e9atf6.z01.azurefd.net
openaicom.imgix.net
openaiapi-site.azureedge.net
algolia.net
auth0.com
#DOMAIN-SUFFIX,cdn.cloudflare.net,PROXY
challenges.cloudflare.com
chatgpt.livekit.cloud
client-api.arkoselabs.com
events.statsigapi.net
featuregates.org
host.livekit.cloud
identrust.com
intercomcdn.com
launchdarkly.com
oaistatic.com
oaiusercontent.com
observeit.net
openai.com
openaiapi-site.azureedge.net
openaicom.imgix.net
poe.com
segment.io
sentry.io
stripe.com
turn.livekit.cloud
