#own list

2ip.ru
ipinfo.io
ted.com
xakep.ru
brain.fm
buysellvouchers.com
threadsdashboard.com
# ggsel.net
xmind.com
todoist.com
heygen.com
grohe.us
sharewood-zerkalo.com
sharewood.co
amazon.com
apphousekitchen.com
eneba.com
sheerid.com

castlery.com

# notion
notion.so
notionusercontent.com

suno.com
suno.ai


# treads
threads.com
threads.net


# whatsapp
wa.me
whatsapp-plus.info
whatsapp-plus.me
whatsapp-plus.net
whatsapp.cc
whatsapp.com
whatsapp.info
whatsapp.net
whatsapp.org
whatsapp.tv
whatsappbrand.com

# telegram
cdn-telegram.org
comments.app
contest.com
fragment.com
graph.org
quiz.directory
t.me
tdesktop.com
telega.one
telegra.ph
telegram-cdn.org
telegram.dog
telegram.me
telegram.org
telegram.space
telesco.pe
tg.dev
tx.me
usercontent.dev

canvastatus.com
canva.me

# corel
coreldraw.app
unsplash.com
corel.com
corel.net
coreldraw.app
coreldraw.com
corelstore.com
# 195.214.234.0/24
# 199.115.110.0/23
# 2620:e6::/48

# teamviewer
teamviewer.cn
teamviewer.com
teamviewer.us
client-teamviewer-com.trafficmanager.net
teamviewer.com.cdn.cloudflare.net


#vpn
amnezia.org
amnezia.app
tunnelbear.com
vanyavpn.co
senko.digital
clashx.org
nekoray.org
zerolab.net
vpnguild.org
fromblancwithlove.com
vpshostingservice.co

################### ai
hf.co
huggingface.co
whispertranscribe.com

# gemini
deepmind.com
deepmind.google
geller-pa.googleapis.com
generativelanguage.googleapis.com
proactivebackend-pa.googleapis.com
robinfrontend-pa.googleapis.com
ai.google.dev
alkalicore-pa.clients6.google.com
alkalimakersuite-pa.clients6.google.com
webchannel-alkalimakersuite-pa.clients6.google.com
generativeai.google
makersuite.google.com
aistudio.google.com
bard.google.com
gemini.google
gemini.google.com
notebooklm.google
notebooklm.google.com 
jules.google
jules.google.com
labs.google
aisandbox-pa.googleapis.com

# openai
chatgpt.com
chat.com
oaistatic.com
oaiusercontent.com
openai.com
sora.com
openai.com.cdn.cloudflare.net
openaiapi-site.azureedge.net
openaicom-api-bdcpf8c6d2e9atf6.z01.azurefd.net
openaicomproductionae4b.blob.core.windows.net
production-openaicom-storage.azureedge.net
o33249.ingest.sentry.io
openaicom.imgix.net
browser-intake-datadoghq.com
chatgpt.livekit.cloud
host.livekit.cloud
turn.livekit.cloud

# anthropic
anthropic.com
claude.ai
claudeusercontent.com
servd-anthropic-website.b-cdn.net

# perplexity
perplexity.ai
perplexity.com
pplx.ai
pplx-res.cloudinary.com

## meta
meta.ai
meta.com

# grok
grok.com
x.ai
ai.com

# cursor
cursor-cdn.com
cursor.com
cursor.sh
cursorapi.com

# another ai
coderabbit.ai
coderabbit.gallery.vsassets.io
clipdrop.co
jasper.ai
chutes.ai
copilot.microsoft.com
dify.ai
gateway.ai.cloudflare.com
meta.ai
mistral.ai
openart.ai
openrouter.ai

################ cn ai
deepseek.com
# RWKV
rwkv.cn
rwkv.com

# 通义千问
tongyi.aliyun.com
qianwen.aliyun.com
qwen.ai
qwenlm.ai
tongyi.com

# 文心一言
yiyan.baidu.com

# 天工AI
tiangong.cn

# 豆包
doubao.com
marscode.cn

# 智谱清言
bigmodel.cn
chatglm.cn
zhipuai.cn

# 月之暗面
moonshot.cn

# 讯飞星火
xinghuo.xfyun.cn

# MiniMax
hailuoai.com
minimaxi.com
xingyeai.com

# 腾讯混元
hunyuan.tencent.com

# 百川智能
baichuan-ai.com

botvip.cn
liblib.art

# 夸克 CueMe
cueme.cn
cueme-api.quark.cn

# 360 纳米AI搜索
n.cn
namiso.com
ai.zhaomi.cn


#airtable
adroll.com
airtable.com
airtableusercontent.com
amazonaws.com
amplitude.com
anthropic.com
api.segment.io
#apple.com
atlassian.net
brightdata.com
cloudflare.com
cloudfront.net
forethought.com
generativelanguage.googleapis.com
google-analytics.com
google.com
googleapis.com
ibm.com
mailchimp.com
mailgun.com
make.com
marketo.com
mixpanel.com
openai.com
optimizely.com
salesforce.com
segment.com
sendsafely.com
slack.com
stackpathdns.com
stripe.com
twilio.com
zapier.com
zendesk.com
# 3.78.197.245
# 3.125.75.166
# 3.215.151.50
# 3.225.92.43
# 3.231.96.120
# 34.204.30.184
# 34.236.75.94
# 44.232.41.45
# 52.29.196.195
# 52.44.24.118


# Cloudflare инфраструктура
# cloudflare.com
# cloudflare.net
# cloudflareinsights.com
# cloudflareaccess.com
# cloudflareclient.com
# cloudflare-dns.com
# cloudflare-ipfs.com
# cf-ipfs.com
# cloudflare-eth.com
# cfargotunnel.com
# trycloudflare.com
# workers.dev
# pages.dev
# videodelivery.net
# imagedelivery.net
# cloudflarestatus.com
# cdnjs.com

#hp
hp.com
hpoobe.com

#deepl
deepl.com
cdn.jsdelivr.net

# hootsuite
hootsuite.com
cloudfront.net
gstatic.com
fonts.googleapis.com
cdn.segment.com
js-agent.newrelic.com
bam.nr-data.net
hootsuite-privacy.my.onetrust.com
ow.ly
owl.li
ht.ly
htl.li

# threads
threads.com
threads.net
giphy.com

# my clickup
codox.io
split.io
clickup.com
clickup-attachments.com
datadoghq.com
intercom.io
exchangeratesapi.io
codox.io
search.clickup-prod.com
search.clickup-eu.com
search.clickup-sg.com
#DOMAIN-SUFFIX,s3.amazonaws.com,PROXY
clickup-au.com
ws.clickup.com
amazonses.com
chameleon.io
unpkg.com
daily.co



# my google
.google
google.com
google.net
google.org
youtube.com
youtube-nocookie.com
ytimg.com
doubleclick.net
gvt1.com
gstatic.com
firebaseio.com
1e100.net

#google play
googleplay.com
play-fe.googleapis.com
play-games.googleusercontent.com
play-lh.googleusercontent.com
play.google.com
play.googleapis.com
lh3.googleusercontent.com
connectivitycheck.gstatic.com
android.clients.google.com
prod-lt-playstoregatewayadapter-pa.googleapis.com
beacons.gvt2.com
gvt1.com

#youtube
youtube.com
ytimg.com
yting.com
ggpht.com
googlevideo.com
youtubekids.com
youtu.be
youtube-nocookie.com
wide-youtube.l.google.com
ytimg.l.google.com
youtubei.googleapis.com
youtubeembeddedplayer.googleapis.com
youtube-ui.l.google.com
yt-video-upload.l.google.com
jnn-pa.googleapis.com
returnyoutubedislikeapi.com
yt3.googleusercontent.com

#### from default.conf
# Google
blogspot.com
blogspot.ru
blogspot.de
blogspot.fr
blogspot.it
blogspot.co.uk
blogspot.in
abc.xyz
admin.recaptcha.net
ampproject.org
android.com
androidify.com
appspot.com
autodraw.com
blogger.com
capitalg.com
certificate-transparency.org
chrome.com
chromeexperiments.com
chromestatus.com
chromium.org
creativelab5.com
debug.com
deepmind.com
dialogflow.com
firebaseio.com
getmdl.io
getoutline.org
ggpht.com
gmail.com
gmodules.com
godoc.org
golang.org
gv.com
gvt0.com
gvt1.com
gvt3.com
gwtproject.org
itasoftware.com
madewithcode.com
material.io
polymer-project.org
recaptcha.net
shattered.io
synergyse.com
telephony.goog
tensorflow.org
tfhub.dev
tiltbrush.com
waveprotocol.org
waymo.com
webmproject.org
webrtc.org
whatbrowser.org
widevine.com
x.company
xn--ngstr-lra8j.com
youtu.be
yt.be
ytimg.com

# ChatGPT
chatgpt.com
api.statsig.com
browser-intake-datadoghq.com
chat.openai.com.cdn.cloudflare.net
o33249.ingest.sentry.io
openai-api.arkoselabs.com
openaicom-api-bdcpf8c6d2e9atf6.z01.azurefd.net
openaicomproductionae4b.blob.core.windows.net
production-openaicom-storage.azureedge.net
#DOMAIN,static.cloudflareinsights.com,PROXY
openaicom-api-bdcpf8c6d2e9atf6.z01.azurefd.net
openaicom.imgix.net
openaiapi-site.azureedge.net
algolia.net
auth0.com
#DOMAIN-SUFFIX,cdn.cloudflare.net,PROXY
challenges.cloudflare.com
#chatgpt.livekit.cloud
livekit.cloud
client-api.arkoselabs.com
events.statsigapi.net
featuregates.org
#host.livekit.cloud
identrust.com
intercomcdn.com
launchdarkly.com
oaistatic.com
oaiusercontent.com
observeit.net
openai.com
openaiapi-site.azureedge.net
openaicom.imgix.net
poe.com
segment.io
sentry.io
stripe.com
#turn.livekit.cloud

